chunks: 123   samples: 92 (48 ai, 44 human)   groups: 52   l2=0.1
validation: leave-one-group-out, scored per chunk then word-weighted per sample (as production does)

AUC: 0.966
  flag at p>=0.50: human flagged 2/44 (4.5%)   ai missed 4/48 (8.3%)
  flag at p>=0.60: human flagged 2/44 (4.5%)   ai missed 6/48 (12.5%)
  flag at p>=0.65: human flagged 2/44 (4.5%)   ai missed 9/48 (18.8%)
  flag at p>=0.70: human flagged 1/44 (2.3%)   ai missed 16/48 (33.3%)
  flag at p>=0.75: human flagged 0/44 (0.0%)   ai missed 18/48 (37.5%)
  flag at p>=0.80: human flagged 0/44 (0.0%)   ai missed 23/48 (47.9%)
  flag at p>=0.90: human flagged 0/44 (0.0%)   ai missed 28/48 (58.3%)

At the likely_ai band (0.75):
  human flagged: 0/44. With this few samples the true rate could be as high as 6.6% (95% upper bound).
  The band was chosen on these same samples, so treat even that as optimistic.
  if 5.0% of checked text is AI and the false-positive rate is the observed: 100.0% of "likely AI" flags are right
  if 5.0% of checked text is AI and the false-positive rate is the upper bound: 33.3% of "likely AI" flags are right
  if 20.0% of checked text is AI and the false-positive rate is the observed: 100.0% of "likely AI" flags are right
  if 20.0% of checked text is AI and the false-positive rate is the upper bound: 70.4% of "likely AI" flags are right
  if 50.0% of checked text is AI and the false-positive rate is the observed: 100.0% of "likely AI" flags are right
  if 50.0% of checked text is AI and the false-positive rate is the upper bound: 90.5% of "likely AI" flags are right
  humans reading "likely human" (p<0.3): 68.2%   ai reading "likely human": 4.2%

highest-scoring human samples: stackexchange-workplace-124717.txt 0.70 | stackexchange-travel-20208.txt 0.68 | wikipedia-radiohead.txt 0.50 | wikipedia-ganges.txt 0.49 | stackexchange-diy-21461.txt 0.41 | stackexchange-academia-77443.txt 0.40
lowest-scoring ai samples:     matched-stackexchange-academia-77443.txt 0.22 | matched-wikipedia-poutine.txt 0.30 | matched-stackexchange-cooking-81043.txt 0.31 | matched-stackexchange-academia-92903.txt 0.41 | matched-stackexchange-cooking-22409.txt 0.55 | matched-stackexchange-diy-20876.txt 0.56

Paste into SCORING in core/scoring.ts, then bump SCORING_VERSION:
  bias: -7.8,
  weights: { ai_written: 7.85, tells: 6.32, staging: 2.91, specifics: -2.54 },
